0 verbose cli D:\install\nodejs\node.exe D:\install\nodejs\node_modules\npm\bin\npm-cli.js
1 info using npm@10.2.3
2 info using node@v20.10.0
3 timing npm:load:whichnode Completed in 2ms
4 timing config:load:defaults Completed in 2ms
5 timing config:load:file:D:\install\nodejs\node_modules\npm\npmrc Completed in 3ms
6 timing config:load:builtin Completed in 4ms
7 timing config:load:cli Completed in 2ms
8 timing config:load:env Completed in 0ms
9 timing config:load:file:D:\maizi\my_vue\.npmrc Completed in 0ms
10 timing config:load:project Completed in 2ms
11 timing config:load:file:C:\Users\an'hei'jiang'jun\.npmrc Completed in 0ms
12 timing config:load:user Completed in 0ms
13 timing config:load:file:D:\install\nodejs\node_global\etc\npmrc Completed in 0ms
14 timing config:load:global Completed in 0ms
15 timing config:load:setEnvs Completed in 1ms
16 timing config:load Completed in 11ms
17 timing npm:load:configload Completed in 11ms
18 timing config:load:flatten Completed in 1ms
19 timing npm:load:mkdirpcache Completed in 1ms
20 timing npm:load:mkdirplogs Completed in 0ms
21 verbose title npm install
22 verbose argv "install" "--cache" "./.npm-cache"
23 timing npm:load:setTitle Completed in 1ms
24 timing npm:load:display Completed in 0ms
25 verbose logfile logs-max:10 dir:D:\maizi\my_vue\.npm-cache\_logs\2026-08-28T17_21_49_970Z-
26 verbose logfile D:\maizi\my_vue\.npm-cache\_logs\2026-08-28T17_21_49_970Z-debug-0.log
27 timing npm:load:logFile Completed in 7ms
28 timing npm:load:timers Completed in 0ms
29 timing npm:load:configScope Completed in 0ms
30 timing npm:load Completed in 51ms
31 timing arborist:ctor Completed in 1ms
32 silly logfile done cleaning log files
33 timing idealTree:init Completed in 20ms
34 timing idealTree:userRequests Completed in 0ms
35 silly idealTree buildDeps
36 silly fetch manifest @vitejs/plugin-vue@^5.0.0
37 timing arborist:ctor Completed in 0ms
38 http fetch GET 200 https://registry.npmmirror.com/@vitejs%2fplugin-vue 151ms (cache miss)
39 silly fetch manifest vite@^5.0.0
40 http fetch GET 200 https://registry.npmmirror.com/npm 510ms (cache miss)
41 http fetch GET 200 https://registry.npmmirror.com/vite 309ms (cache miss)
42 silly fetch manifest @types/node@^18.0.0 || >=20.0.0
43 http fetch GET 200 https://registry.npmmirror.com/@types%2fnode 247ms (cache miss)
44 silly fetch manifest less@*
45 http fetch GET 200 https://registry.npmmirror.com/less 115ms (cache miss)
46 silly fetch manifest lightningcss@^1.21.0
47 http fetch GET 200 https://registry.npmmirror.com/lightningcss 99ms (cache miss)
48 silly fetch manifest sass@*
49 http fetch GET 200 https://registry.npmmirror.com/sass 71ms (cache miss)
50 silly fetch manifest sass-embedded@*
51 http fetch GET 200 https://registry.npmmirror.com/sass-embedded 111ms (cache miss)
52 silly fetch manifest stylus@*
53 http fetch GET 200 https://registry.npmmirror.com/stylus 117ms (cache miss)
54 silly fetch manifest sugarss@*
55 http fetch GET 200 https://registry.npmmirror.com/sugarss 78ms (cache miss)
56 silly fetch manifest postcss@^8.3.3
57 http fetch GET 200 https://registry.npmmirror.com/postcss 88ms (cache miss)
58 silly fetch manifest terser@^5.4.0
59 http fetch GET 200 https://registry.npmmirror.com/terser 57ms (cache miss)
60 silly fetch manifest vue@^3.4.31
61 http fetch GET 200 https://registry.npmmirror.com/vue 107ms (cache miss)
62 silly fetch manifest typescript@*
63 http fetch GET 200 https://registry.npmmirror.com/typescript 296ms (cache miss)
64 silly placeDep ROOT @vitejs/plugin-vue@5.2.4 OK for: my_vue@1.0.0 want: ^5.0.0
65 silly placeDep ROOT vite@5.4.21 OK for: @vitejs/plugin-vue@5.2.4 want: ^5.0.0 || ^6.0.0
66 silly fetch manifest esbuild@^0.21.3
67 silly fetch manifest postcss@^8.4.43
68 silly fetch manifest rollup@^4.20.0
69 silly fetch manifest fsevents@~2.3.3
70 http fetch GET 200 https://registry.npmmirror.com/esbuild 89ms (cache miss)
71 http fetch GET 200 https://registry.npmmirror.com/fsevents 150ms (cache miss)
72 http fetch GET 200 https://registry.npmmirror.com/rollup 157ms (cache miss)
73 timing idealTree:#root Completed in 2142ms
74 timing idealTree:node_modules/@vitejs/plugin-vue Completed in 0ms
75 silly placeDep ROOT esbuild@0.21.5 OK for: vite@5.4.21 want: ^0.21.3
76 silly fetch manifest @esbuild/aix-ppc64@0.21.5
77 silly fetch manifest @esbuild/android-arm@0.21.5
78 silly fetch manifest @esbuild/android-arm64@0.21.5
79 silly fetch manifest @esbuild/android-x64@0.21.5
80 silly fetch manifest @esbuild/darwin-arm64@0.21.5
81 silly fetch manifest @esbuild/darwin-x64@0.21.5
82 silly fetch manifest @esbuild/freebsd-arm64@0.21.5
83 silly fetch manifest @esbuild/freebsd-x64@0.21.5
84 silly fetch manifest @esbuild/linux-arm@0.21.5
85 silly fetch manifest @esbuild/linux-arm64@0.21.5
86 silly fetch manifest @esbuild/linux-ia32@0.21.5
87 silly fetch manifest @esbuild/linux-loong64@0.21.5
88 silly fetch manifest @esbuild/linux-mips64el@0.21.5
89 silly fetch manifest @esbuild/linux-ppc64@0.21.5
90 silly fetch manifest @esbuild/linux-riscv64@0.21.5
91 silly fetch manifest @esbuild/linux-s390x@0.21.5
92 silly fetch manifest @esbuild/linux-x64@0.21.5
93 silly fetch manifest @esbuild/netbsd-x64@0.21.5
94 silly fetch manifest @esbuild/openbsd-x64@0.21.5
95 silly fetch manifest @esbuild/sunos-x64@0.21.5
96 silly fetch manifest @esbuild/win32-arm64@0.21.5
97 silly fetch manifest @esbuild/win32-ia32@0.21.5
98 silly fetch manifest @esbuild/win32-x64@0.21.5
99 silly placeDep ROOT fsevents@2.3.3 OK for: vite@5.4.21 want: ~2.3.3
100 silly placeDep ROOT postcss@8.5.26 REPLACE for: vite@5.4.21 want: ^8.4.43
101 silly fetch manifest nanoid@^3.3.17
102 silly fetch manifest picocolors@^1.1.1
103 silly fetch manifest source-map-js@^1.2.1
104 silly placeDep ROOT rollup@4.63.1 OK for: vite@5.4.21 want: ^4.20.0
105 silly fetch manifest @types/estree@1.0.9
106 silly fetch manifest @rollup/rollup-darwin-x64@4.63.1
107 silly fetch manifest @rollup/rollup-freebsd-x64@4.63.1
108 silly fetch manifest @rollup/rollup-openbsd-x64@4.63.1
109 silly fetch manifest @napi-rs/lzma-linux-x64-gnu@1.5.1
110 silly fetch manifest @rollup/rollup-darwin-arm64@4.63.1
111 silly fetch manifest @rollup/rollup-android-arm64@4.63.1
112 silly fetch manifest @rollup/rollup-freebsd-arm64@4.63.1
113 silly fetch manifest @rollup/rollup-linux-x64-gnu@4.63.1
114 silly fetch manifest @rollup/rollup-win32-x64-gnu@4.63.1
115 silly fetch manifest @rollup/rollup-linux-x64-musl@4.63.1
116 silly fetch manifest @rollup/rollup-win32-x64-msvc@4.63.1
117 silly fetch manifest @rollup/rollup-linux-arm64-gnu@4.63.1
118 silly fetch manifest @rollup/rollup-linux-ppc64-gnu@4.63.1
119 silly fetch manifest @rollup/rollup-linux-s390x-gnu@4.63.1
120 silly fetch manifest @rollup/rollup-win32-ia32-msvc@4.63.1
121 silly fetch manifest @rollup/rollup-android-arm-eabi@4.63.1
122 silly fetch manifest @rollup/rollup-linux-arm64-musl@4.63.1
123 silly fetch manifest @rollup/rollup-linux-ppc64-musl@4.63.1
124 silly fetch manifest @rollup/rollup-win32-arm64-msvc@4.63.1
125 silly fetch manifest @rollup/rollup-linux-loong64-gnu@4.63.1
126 silly fetch manifest @rollup/rollup-linux-riscv64-gnu@4.63.1
127 silly fetch manifest @rollup/rollup-openharmony-arm64@4.63.1
128 silly fetch manifest @rollup/rollup-linux-loong64-musl@4.63.1
129 silly fetch manifest @rollup/rollup-linux-riscv64-musl@4.63.1
130 silly fetch manifest @rollup/rollup-linux-arm-gnueabihf@4.63.1
131 silly fetch manifest @rollup/rollup-linux-arm-musleabihf@4.63.1
132 http fetch GET 200 https://registry.npmmirror.com/@esbuild%2fandroid-arm64 353ms (cache miss)
133 http fetch GET 200 https://registry.npmmirror.com/@esbuild%2fandroid-arm 360ms (cache miss)
134 http fetch GET 200 https://registry.npmmirror.com/@esbuild%2faix-ppc64 363ms (cache miss)
135 http fetch GET 200 https://registry.npmmirror.com/@esbuild%2fnetbsd-x64 519ms (cache miss)
136 http fetch GET 200 https://registry.npmmirror.com/@esbuild%2fsunos-x64 550ms (cache miss)
137 http fetch GET 200 https://registry.npmmirror.com/@napi-rs%2flzma-linux-x64-gnu 548ms (cache miss)
138 http fetch GET 200 https://registry.npmmirror.com/@esbuild%2flinux-s390x 560ms (cache miss)
139 http fetch GET 200 https://registry.npmmirror.com/@esbuild%2flinux-loong64 564ms (cache miss)
140 http fetch GET 200 https://registry.npmmirror.com/@esbuild%2flinux-x64 569ms (cache miss)
141 http fetch GET 200 https://registry.npmmirror.com/@esbuild%2flinux-arm64 576ms (cache miss)
142 http fetch GET 200 https://registry.npmmirror.com/@rollup%2frollup-linux-ppc64-musl 560ms (cache miss)
143 http fetch GET 200 https://registry.npmmirror.com/picocolors 570ms (cache miss)
144 http fetch GET 200 https://registry.npmmirror.com/source-map-js 603ms (cache miss)
145 http fetch GET 200 https://registry.npmmirror.com/@esbuild%2fandroid-x64 619ms (cache miss)
146 http fetch GET 200 https://registry.npmmirror.com/@esbuild%2ffreebsd-x64 619ms (cache miss)
147 http fetch GET 200 https://registry.npmmirror.com/@esbuild%2flinux-ppc64 616ms (cache miss)
148 http fetch GET 200 https://registry.npmmirror.com/@rollup%2frollup-linux-x64-musl 625ms (cache miss)
149 http fetch GET 200 https://registry.npmmirror.com/@esbuild%2fopenbsd-x64 639ms (cache miss)
150 http fetch GET 200 https://registry.npmmirror.com/@esbuild%2fwin32-arm64 641ms (cache miss)
151 http fetch GET 200 https://registry.npmmirror.com/@esbuild%2flinux-riscv64 667ms (cache miss)
152 http fetch GET 200 https://registry.npmmirror.com/@esbuild%2flinux-mips64el 676ms (cache miss)
153 http fetch GET 200 https://registry.npmmirror.com/@rollup%2frollup-freebsd-x64 680ms (cache miss)
154 http fetch GET 200 https://registry.npmmirror.com/@rollup%2frollup-darwin-x64 691ms (cache miss)
155 http fetch GET 200 https://registry.npmmirror.com/@rollup%2frollup-linux-x64-gnu 693ms (cache miss)
156 http fetch GET 200 https://registry.npmmirror.com/@rollup%2frollup-linux-s390x-gnu 693ms (cache miss)
157 http fetch GET 200 https://registry.npmmirror.com/@rollup%2frollup-openharmony-arm64 691ms (cache miss)
158 http fetch GET 200 https://registry.npmmirror.com/@rollup%2frollup-openbsd-x64 709ms (cache miss)
159 http fetch GET 200 https://registry.npmmirror.com/@rollup%2frollup-linux-loong64-gnu 706ms (cache miss)
160 http fetch GET 200 https://registry.npmmirror.com/nanoid 717ms (cache miss)
161 http fetch GET 200 https://registry.npmmirror.com/@esbuild%2flinux-ia32 731ms (cache miss)
162 http fetch GET 200 https://registry.npmmirror.com/@rollup%2frollup-linux-ppc64-gnu 718ms (cache miss)
163 http fetch GET 200 https://registry.npmmirror.com/@esbuild%2fdarwin-x64 741ms (cache miss)
164 http fetch GET 200 https://registry.npmmirror.com/@esbuild%2fdarwin-arm64 748ms (cache miss)
165 http fetch GET 200 https://registry.npmmirror.com/@rollup%2frollup-linux-arm64-gnu 729ms (cache miss)
166 http fetch GET 200 https://registry.npmmirror.com/@rollup%2frollup-win32-ia32-msvc 731ms (cache miss)
167 http fetch GET 200 https://registry.npmmirror.com/@esbuild%2flinux-arm 758ms (cache miss)
168 http fetch GET 200 https://registry.npmmirror.com/@rollup%2frollup-linux-loong64-musl 732ms (cache miss)
169 http fetch GET 200 https://registry.npmmirror.com/@rollup%2frollup-linux-arm-gnueabihf 730ms (cache miss)
170 http fetch GET 200 https://registry.npmmirror.com/@types%2festree 747ms (cache miss)
171 http fetch GET 200 https://registry.npmmirror.com/@rollup%2frollup-win32-x64-gnu 744ms (cache miss)
172 http fetch GET 200 https://registry.npmmirror.com/@rollup%2frollup-android-arm64 749ms (cache miss)
173 http fetch GET 200 https://registry.npmmirror.com/@rollup%2frollup-win32-x64-msvc 752ms (cache miss)
174 http fetch GET 200 https://registry.npmmirror.com/@rollup%2frollup-linux-riscv64-gnu 752ms (cache miss)
175 http fetch GET 200 https://registry.npmmirror.com/@rollup%2frollup-linux-arm64-musl 756ms (cache miss)
176 http fetch GET 200 https://registry.npmmirror.com/@rollup%2frollup-freebsd-arm64 764ms (cache miss)
177 http fetch GET 200 https://registry.npmmirror.com/@rollup%2frollup-linux-riscv64-musl 755ms (cache miss)
178 http fetch GET 200 https://registry.npmmirror.com/@esbuild%2fwin32-x64 777ms (cache miss)
179 http fetch GET 200 https://registry.npmmirror.com/@esbuild%2ffreebsd-arm64 789ms (cache miss)
180 http fetch GET 200 https://registry.npmmirror.com/@esbuild%2fwin32-ia32 781ms (cache miss)
181 http fetch GET 200 https://registry.npmmirror.com/@rollup%2frollup-android-arm-eabi 772ms (cache miss)
182 http fetch GET 200 https://registry.npmmirror.com/@rollup%2frollup-linux-arm-musleabihf 767ms (cache miss)
183 http fetch GET 200 https://registry.npmmirror.com/@rollup%2frollup-darwin-arm64 782ms (cache miss)
184 http fetch GET 200 https://registry.npmmirror.com/@rollup%2frollup-win32-arm64-msvc 779ms (cache miss)
185 timing idealTree:node_modules/vite Completed in 808ms
186 silly placeDep ROOT @esbuild/aix-ppc64@0.21.5 OK for: esbuild@0.21.5 want: 0.21.5
187 silly placeDep ROOT @esbuild/android-arm@0.21.5 OK for: esbuild@0.21.5 want: 0.21.5
188 silly placeDep ROOT @esbuild/android-arm64@0.21.5 OK for: esbuild@0.21.5 want: 0.21.5
189 silly placeDep ROOT @esbuild/android-x64@0.21.5 OK for: esbuild@0.21.5 want: 0.21.5
190 silly placeDep ROOT @esbuild/darwin-arm64@0.21.5 OK for: esbuild@0.21.5 want: 0.21.5
191 silly placeDep ROOT @esbuild/darwin-x64@0.21.5 OK for: esbuild@0.21.5 want: 0.21.5
192 silly placeDep ROOT @esbuild/freebsd-arm64@0.21.5 OK for: esbuild@0.21.5 want: 0.21.5
193 silly placeDep ROOT @esbuild/freebsd-x64@0.21.5 OK for: esbuild@0.21.5 want: 0.21.5
194 silly placeDep ROOT @esbuild/linux-arm@0.21.5 OK for: esbuild@0.21.5 want: 0.21.5
195 silly placeDep ROOT @esbuild/linux-arm64@0.21.5 OK for: esbuild@0.21.5 want: 0.21.5
196 silly placeDep ROOT @esbuild/linux-ia32@0.21.5 OK for: esbuild@0.21.5 want: 0.21.5
197 silly placeDep ROOT @esbuild/linux-loong64@0.21.5 OK for: esbuild@0.21.5 want: 0.21.5
198 silly placeDep ROOT @esbuild/linux-mips64el@0.21.5 OK for: esbuild@0.21.5 want: 0.21.5
199 silly placeDep ROOT @esbuild/linux-ppc64@0.21.5 OK for: esbuild@0.21.5 want: 0.21.5
200 silly placeDep ROOT @esbuild/linux-riscv64@0.21.5 OK for: esbuild@0.21.5 want: 0.21.5
201 silly placeDep ROOT @esbuild/linux-s390x@0.21.5 OK for: esbuild@0.21.5 want: 0.21.5
202 silly placeDep ROOT @esbuild/linux-x64@0.21.5 OK for: esbuild@0.21.5 want: 0.21.5
203 silly placeDep ROOT @esbuild/netbsd-x64@0.21.5 OK for: esbuild@0.21.5 want: 0.21.5
204 silly placeDep ROOT @esbuild/openbsd-x64@0.21.5 OK for: esbuild@0.21.5 want: 0.21.5
205 silly placeDep ROOT @esbuild/sunos-x64@0.21.5 OK for: esbuild@0.21.5 want: 0.21.5
206 silly placeDep ROOT @esbuild/win32-arm64@0.21.5 OK for: esbuild@0.21.5 want: 0.21.5
207 silly placeDep ROOT @esbuild/win32-ia32@0.21.5 OK for: esbuild@0.21.5 want: 0.21.5
208 silly placeDep ROOT @esbuild/win32-x64@0.21.5 OK for: esbuild@0.21.5 want: 0.21.5
209 timing idealTree:node_modules/esbuild Completed in 19ms
210 timing idealTree:node_modules/@esbuild/aix-ppc64 Completed in 0ms
211 timing idealTree:node_modules/@esbuild/android-arm Completed in 0ms
212 timing idealTree:node_modules/@esbuild/android-arm64 Completed in 0ms
213 timing idealTree:node_modules/@esbuild/android-x64 Completed in 0ms
214 timing idealTree:node_modules/@esbuild/darwin-arm64 Completed in 0ms
215 timing idealTree:node_modules/@esbuild/darwin-x64 Completed in 0ms
216 timing idealTree:node_modules/@esbuild/freebsd-arm64 Completed in 0ms
217 timing idealTree:node_modules/@esbuild/freebsd-x64 Completed in 0ms
218 timing idealTree:node_modules/@esbuild/linux-arm Completed in 0ms
219 timing idealTree:node_modules/@esbuild/linux-arm64 Completed in 0ms
220 timing idealTree:node_modules/@esbuild/linux-ia32 Completed in 0ms
221 timing idealTree:node_modules/@esbuild/linux-loong64 Completed in 0ms
222 timing idealTree:node_modules/@esbuild/linux-mips64el Completed in 0ms
223 timing idealTree:node_modules/@esbuild/linux-ppc64 Completed in 0ms
224 timing idealTree:node_modules/@esbuild/linux-riscv64 Completed in 0ms
225 timing idealTree:node_modules/@esbuild/linux-s390x Completed in 0ms
226 timing idealTree:node_modules/@esbuild/linux-x64 Completed in 0ms
227 timing idealTree:node_modules/@esbuild/netbsd-x64 Completed in 0ms
228 timing idealTree:node_modules/@esbuild/openbsd-x64 Completed in 1ms
229 timing idealTree:node_modules/@esbuild/sunos-x64 Completed in 0ms
230 timing idealTree:node_modules/@esbuild/win32-arm64 Completed in 0ms
231 timing idealTree:node_modules/@esbuild/win32-ia32 Completed in 0ms
232 timing idealTree:node_modules/@esbuild/win32-x64 Completed in 0ms
233 timing idealTree:node_modules/fsevents Completed in 0ms
234 silly placeDep ROOT nanoid@3.3.18 OK for: postcss@8.5.26 want: ^3.3.17
235 silly placeDep ROOT picocolors@1.1.1 OK for: postcss@8.5.26 want: ^1.1.1
236 silly placeDep ROOT source-map-js@1.2.1 REPLACE for: postcss@8.5.26 want: ^1.2.1
237 timing idealTree:node_modules/postcss Completed in 2ms
238 timing idealTree:node_modules/nanoid Completed in 0ms
239 timing idealTree:node_modules/picocolors Completed in 0ms
240 silly placeDep ROOT @napi-rs/lzma-linux-x64-gnu@1.5.1 OK for: rollup@4.63.1 want: 1.5.1
241 silly placeDep ROOT @rollup/rollup-android-arm-eabi@4.63.1 OK for: rollup@4.63.1 want: 4.63.1
242 silly placeDep ROOT @rollup/rollup-android-arm64@4.63.1 OK for: rollup@4.63.1 want: 4.63.1
243 silly placeDep ROOT @rollup/rollup-darwin-arm64@4.63.1 OK for: rollup@4.63.1 want: 4.63.1
244 silly placeDep ROOT @rollup/rollup-darwin-x64@4.63.1 OK for: rollup@4.63.1 want: 4.63.1
245 silly placeDep ROOT @rollup/rollup-freebsd-arm64@4.63.1 OK for: rollup@4.63.1 want: 4.63.1
246 silly placeDep ROOT @rollup/rollup-freebsd-x64@4.63.1 OK for: rollup@4.63.1 want: 4.63.1
247 silly placeDep ROOT @rollup/rollup-linux-arm-gnueabihf@4.63.1 OK for: rollup@4.63.1 want: 4.63.1
248 silly placeDep ROOT @rollup/rollup-linux-arm-musleabihf@4.63.1 OK for: rollup@4.63.1 want: 4.63.1
249 silly placeDep ROOT @rollup/rollup-linux-arm64-gnu@4.63.1 OK for: rollup@4.63.1 want: 4.63.1
250 silly placeDep ROOT @rollup/rollup-linux-arm64-musl@4.63.1 OK for: rollup@4.63.1 want: 4.63.1
251 silly placeDep ROOT @rollup/rollup-linux-loong64-gnu@4.63.1 OK for: rollup@4.63.1 want: 4.63.1
252 silly placeDep ROOT @rollup/rollup-linux-loong64-musl@4.63.1 OK for: rollup@4.63.1 want: 4.63.1
253 silly placeDep ROOT @rollup/rollup-linux-ppc64-gnu@4.63.1 OK for: rollup@4.63.1 want: 4.63.1
254 silly placeDep ROOT @rollup/rollup-linux-ppc64-musl@4.63.1 OK for: rollup@4.63.1 want: 4.63.1
255 silly placeDep ROOT @rollup/rollup-linux-riscv64-gnu@4.63.1 OK for: rollup@4.63.1 want: 4.63.1
256 silly placeDep ROOT @rollup/rollup-linux-riscv64-musl@4.63.1 OK for: rollup@4.63.1 want: 4.63.1
257 silly placeDep ROOT @rollup/rollup-linux-s390x-gnu@4.63.1 OK for: rollup@4.63.1 want: 4.63.1
258 silly placeDep ROOT @rollup/rollup-linux-x64-gnu@4.63.1 OK for: rollup@4.63.1 want: 4.63.1
259 silly placeDep ROOT @rollup/rollup-linux-x64-musl@4.63.1 OK for: rollup@4.63.1 want: 4.63.1
260 silly placeDep ROOT @rollup/rollup-openbsd-x64@4.63.1 OK for: rollup@4.63.1 want: 4.63.1
261 silly placeDep ROOT @rollup/rollup-openharmony-arm64@4.63.1 OK for: rollup@4.63.1 want: 4.63.1
262 silly placeDep ROOT @rollup/rollup-win32-arm64-msvc@4.63.1 OK for: rollup@4.63.1 want: 4.63.1
263 silly placeDep ROOT @rollup/rollup-win32-ia32-msvc@4.63.1 OK for: rollup@4.63.1 want: 4.63.1
264 silly placeDep ROOT @rollup/rollup-win32-x64-gnu@4.63.1 OK for: rollup@4.63.1 want: 4.63.1
265 silly placeDep ROOT @rollup/rollup-win32-x64-msvc@4.63.1 OK for: rollup@4.63.1 want: 4.63.1
266 silly placeDep ROOT @types/estree@1.0.9 OK for: rollup@4.63.1 want: 1.0.9
267 timing idealTree:node_modules/rollup Completed in 26ms
268 timing idealTree:node_modules/@napi-rs/lzma-linux-x64-gnu Completed in 0ms
269 timing idealTree:node_modules/@rollup/rollup-android-arm-eabi Completed in 0ms
270 timing idealTree:node_modules/@rollup/rollup-android-arm64 Completed in 0ms
271 timing idealTree:node_modules/@rollup/rollup-darwin-arm64 Completed in 0ms
272 timing idealTree:node_modules/@rollup/rollup-darwin-x64 Completed in 0ms
273 timing idealTree:node_modules/@rollup/rollup-freebsd-arm64 Completed in 0ms
274 timing idealTree:node_modules/@rollup/rollup-freebsd-x64 Completed in 0ms
275 timing idealTree:node_modules/@rollup/rollup-linux-arm-gnueabihf Completed in 0ms
276 timing idealTree:node_modules/@rollup/rollup-linux-arm-musleabihf Completed in 0ms
277 timing idealTree:node_modules/@rollup/rollup-linux-arm64-gnu Completed in 0ms
278 timing idealTree:node_modules/@rollup/rollup-linux-arm64-musl Completed in 0ms
279 timing idealTree:node_modules/@rollup/rollup-linux-loong64-gnu Completed in 0ms
280 timing idealTree:node_modules/@rollup/rollup-linux-loong64-musl Completed in 0ms
281 timing idealTree:node_modules/@rollup/rollup-linux-ppc64-gnu Completed in 0ms
282 timing idealTree:node_modules/@rollup/rollup-linux-ppc64-musl Completed in 0ms
283 timing idealTree:node_modules/@rollup/rollup-linux-riscv64-gnu Completed in 0ms
284 timing idealTree:node_modules/@rollup/rollup-linux-riscv64-musl Completed in 0ms
285 timing idealTree:node_modules/@rollup/rollup-linux-s390x-gnu Completed in 0ms
286 timing idealTree:node_modules/@rollup/rollup-linux-x64-gnu Completed in 0ms
287 timing idealTree:node_modules/@rollup/rollup-linux-x64-musl Completed in 0ms
288 timing idealTree:node_modules/@rollup/rollup-openbsd-x64 Completed in 0ms
289 timing idealTree:node_modules/@rollup/rollup-openharmony-arm64 Completed in 0ms
290 timing idealTree:node_modules/@rollup/rollup-win32-arm64-msvc Completed in 0ms
291 timing idealTree:node_modules/@rollup/rollup-win32-ia32-msvc Completed in 0ms
292 timing idealTree:node_modules/@rollup/rollup-win32-x64-gnu Completed in 0ms
293 timing idealTree:node_modules/@rollup/rollup-win32-x64-msvc Completed in 0ms
294 timing idealTree:node_modules/@types/estree Completed in 0ms
295 timing idealTree:node_modules/source-map-js Completed in 0ms
296 timing idealTree:buildDeps Completed in 3001ms
297 timing idealTree:fixDepFlags Completed in 1ms
298 timing idealTree Completed in 3023ms
299 timing reify:loadTrees Completed in 3023ms
300 timing reify:diffTrees Completed in 4ms
301 silly reify mark retired [
301 silly reify   'D:\\maizi\\my_vue\\node_modules\\nanoid',
301 silly reify   'D:\\maizi\\my_vue\\node_modules\\.bin\\nanoid',
301 silly reify   'D:\\maizi\\my_vue\\node_modules\\.bin\\nanoid.cmd',
301 silly reify   'D:\\maizi\\my_vue\\node_modules\\.bin\\nanoid.ps1'
301 silly reify ]
302 silly reify mark retired [ 'D:\\maizi\\my_vue\\node_modules\\picocolors' ]
303 silly reify mark retired [ 'D:\\maizi\\my_vue\\node_modules\\postcss' ]
304 silly reify mark retired [ 'D:\\maizi\\my_vue\\node_modules\\source-map-js' ]
305 silly reify moves {
305 silly reify   'D:\\maizi\\my_vue\\node_modules\\nanoid': 'D:\\maizi\\my_vue\\node_modules\\.nanoid-gC4fNl1T',
305 silly reify   'D:\\maizi\\my_vue\\node_modules\\.bin\\nanoid': 'D:\\maizi\\my_vue\\node_modules\\.bin\\.nanoid-hWgjY3sM',
305 silly reify   'D:\\maizi\\my_vue\\node_modules\\.bin\\nanoid.cmd': 'D:\\maizi\\my_vue\\node_modules\\.bin\\.nanoid.cmd-VV9Prnry',
305 silly reify   'D:\\maizi\\my_vue\\node_modules\\.bin\\nanoid.ps1': 'D:\\maizi\\my_vue\\node_modules\\.bin\\.nanoid.ps1-poTzcWoD',
305 silly reify   'D:\\maizi\\my_vue\\node_modules\\picocolors': 'D:\\maizi\\my_vue\\node_modules\\.picocolors-ddgT8eOI',
305 silly reify   'D:\\maizi\\my_vue\\node_modules\\postcss': 'D:\\maizi\\my_vue\\node_modules\\.postcss-BoMGryWt',
305 silly reify   'D:\\maizi\\my_vue\\node_modules\\source-map-js': 'D:\\maizi\\my_vue\\node_modules\\.source-map-js-sxRZjwG8'
305 silly reify }
306 timing reify:retireShallow Completed in 4ms
307 timing reify:createSparse Completed in 9ms
308 timing reify:loadBundles Completed in 0ms
309 silly audit bulk request {
309 silly audit   '@babel/parser': [ '7.24.7' ],
309 silly audit   '@jridgewell/sourcemap-codec': [ '1.4.15' ],
309 silly audit   '@vue/compiler-core': [ '3.4.31' ],
309 silly audit   '@vue/compiler-dom': [ '3.4.31' ],
309 silly audit   '@vue/compiler-sfc': [ '3.4.31' ],
309 silly audit   '@vue/compiler-ssr': [ '3.4.31' ],
309 silly audit   '@vue/reactivity': [ '3.4.31' ],
309 silly audit   '@vue/runtime-core': [ '3.4.31' ],
309 silly audit   '@vue/runtime-dom': [ '3.4.31' ],
309 silly audit   '@vue/server-renderer': [ '3.4.31' ],
309 silly audit   '@vue/shared': [ '3.4.31' ],
309 silly audit   csstype: [ '3.1.3' ],
309 silly audit   entities: [ '4.5.0' ],
309 silly audit   'estree-walker': [ '2.0.2' ],
309 silly audit   'magic-string': [ '0.30.10' ],
309 silly audit   vue: [ '3.4.31' ],
309 silly audit   '@vitejs/plugin-vue': [ '5.2.4' ],
309 silly audit   vite: [ '5.4.21' ],
309 silly audit   esbuild: [ '0.21.5' ],
309 silly audit   fsevents: [ '2.3.3' ],
309 silly audit   postcss: [ '8.5.26' ],
309 silly audit   rollup: [ '4.63.1' ],
309 silly audit   '@esbuild/aix-ppc64': [ '0.21.5' ],
309 silly audit   '@esbuild/android-arm': [ '0.21.5' ],
309 silly audit   '@esbuild/android-arm64': [ '0.21.5' ],
309 silly audit   '@esbuild/android-x64': [ '0.21.5' ],
309 silly audit   '@esbuild/darwin-arm64': [ '0.21.5' ],
309 silly audit   '@esbuild/darwin-x64': [ '0.21.5' ],
309 silly audit   '@esbuild/freebsd-arm64': [ '0.21.5' ],
309 silly audit   '@esbuild/freebsd-x64': [ '0.21.5' ],
309 silly audit   '@esbuild/linux-arm': [ '0.21.5' ],
309 silly audit   '@esbuild/linux-arm64': [ '0.21.5' ],
309 silly audit   '@esbuild/linux-ia32': [ '0.21.5' ],
309 silly audit   '@esbuild/linux-loong64': [ '0.21.5' ],
309 silly audit   '@esbuild/linux-mips64el': [ '0.21.5' ],
309 silly audit   '@esbuild/linux-ppc64': [ '0.21.5' ],
309 silly audit   '@esbuild/linux-riscv64': [ '0.21.5' ],
309 silly audit   '@esbuild/linux-s390x': [ '0.21.5' ],
309 silly audit   '@esbuild/linux-x64': [ '0.21.5' ],
309 silly audit   '@esbuild/netbsd-x64': [ '0.21.5' ],
309 silly audit   '@esbuild/openbsd-x64': [ '0.21.5' ],
309 silly audit   '@esbuild/sunos-x64': [ '0.21.5' ],
309 silly audit   '@esbuild/win32-arm64': [ '0.21.5' ],
309 silly audit   '@esbuild/win32-ia32': [ '0.21.5' ],
309 silly audit   '@esbuild/win32-x64': [ '0.21.5' ],
309 silly audit   nanoid: [ '3.3.18' ],
309 silly audit   picocolors: [ '1.1.1' ],
309 silly audit   'source-map-js': [ '1.2.1' ],
309 silly audit   '@napi-rs/lzma-linux-x64-gnu': [ '1.5.1' ],
309 silly audit   '@rollup/rollup-android-arm-eabi': [ '4.63.1' ],
309 silly audit   '@rollup/rollup-android-arm64': [ '4.63.1' ],
309 silly audit   '@rollup/rollup-darwin-arm64': [ '4.63.1' ],
309 silly audit   '@rollup/rollup-darwin-x64': [ '4.63.1' ],
309 silly audit   '@rollup/rollup-freebsd-arm64': [ '4.63.1' ],
309 silly audit   '@rollup/rollup-freebsd-x64': [ '4.63.1' ],
309 silly audit   '@rollup/rollup-linux-arm-gnueabihf': [ '4.63.1' ],
309 silly audit   '@rollup/rollup-linux-arm-musleabihf': [ '4.63.1' ],
309 silly audit   '@rollup/rollup-linux-arm64-gnu': [ '4.63.1' ],
309 silly audit   '@rollup/rollup-linux-arm64-musl': [ '4.63.1' ],
309 silly audit   '@rollup/rollup-linux-loong64-gnu': [ '4.63.1' ],
309 silly audit   '@rollup/rollup-linux-loong64-musl': [ '4.63.1' ],
309 silly audit   '@rollup/rollup-linux-ppc64-gnu': [ '4.63.1' ],
309 silly audit   '@rollup/rollup-linux-ppc64-musl': [ '4.63.1' ],
309 silly audit   '@rollup/rollup-linux-riscv64-gnu': [ '4.63.1' ],
309 silly audit   '@rollup/rollup-linux-riscv64-musl': [ '4.63.1' ],
309 silly audit   '@rollup/rollup-linux-s390x-gnu': [ '4.63.1' ],
309 silly audit   '@rollup/rollup-linux-x64-gnu': [ '4.63.1' ],
309 silly audit   '@rollup/rollup-linux-x64-musl': [ '4.63.1' ],
309 silly audit   '@rollup/rollup-openbsd-x64': [ '4.63.1' ],
309 silly audit   '@rollup/rollup-openharmony-arm64': [ '4.63.1' ],
309 silly audit   '@rollup/rollup-win32-arm64-msvc': [ '4.63.1' ],
309 silly audit   '@rollup/rollup-win32-ia32-msvc': [ '4.63.1' ],
309 silly audit   '@rollup/rollup-win32-x64-gnu': [ '4.63.1' ],
309 silly audit   '@rollup/rollup-win32-x64-msvc': [ '4.63.1' ],
309 silly audit   '@types/estree': [ '1.0.9' ]
309 silly audit }
310 verbose reify failed optional dependency D:\maizi\my_vue\node_modules\@rollup\rollup-win32-ia32-msvc
311 silly reify mark deleted [ 'D:\\maizi\\my_vue\\node_modules\\@rollup\\rollup-win32-ia32-msvc' ]
312 verbose reify failed optional dependency D:\maizi\my_vue\node_modules\@rollup\rollup-win32-arm64-msvc
313 silly reify mark deleted [ 'D:\\maizi\\my_vue\\node_modules\\@rollup\\rollup-win32-arm64-msvc' ]
314 verbose reify failed optional dependency D:\maizi\my_vue\node_modules\@rollup\rollup-openharmony-arm64
315 silly reify mark deleted [
315 silly reify   'D:\\maizi\\my_vue\\node_modules\\@rollup\\rollup-openharmony-arm64'
315 silly reify ]
316 verbose reify failed optional dependency D:\maizi\my_vue\node_modules\@rollup\rollup-openbsd-x64
317 silly reify mark deleted [ 'D:\\maizi\\my_vue\\node_modules\\@rollup\\rollup-openbsd-x64' ]
318 verbose reify failed optional dependency D:\maizi\my_vue\node_modules\@rollup\rollup-linux-x64-musl
319 silly reify mark deleted [ 'D:\\maizi\\my_vue\\node_modules\\@rollup\\rollup-linux-x64-musl' ]
320 verbose reify failed optional dependency D:\maizi\my_vue\node_modules\@rollup\rollup-linux-x64-gnu
321 silly reify mark deleted [ 'D:\\maizi\\my_vue\\node_modules\\@rollup\\rollup-linux-x64-gnu' ]
322 verbose reify failed optional dependency D:\maizi\my_vue\node_modules\@rollup\rollup-linux-s390x-gnu
323 silly reify mark deleted [ 'D:\\maizi\\my_vue\\node_modules\\@rollup\\rollup-linux-s390x-gnu' ]
324 verbose reify failed optional dependency D:\maizi\my_vue\node_modules\@rollup\rollup-linux-riscv64-musl
325 silly reify mark deleted [
325 silly reify   'D:\\maizi\\my_vue\\node_modules\\@rollup\\rollup-linux-riscv64-musl'
325 silly reify ]
326 verbose reify failed optional dependency D:\maizi\my_vue\node_modules\@rollup\rollup-linux-riscv64-gnu
327 silly reify mark deleted [
327 silly reify   'D:\\maizi\\my_vue\\node_modules\\@rollup\\rollup-linux-riscv64-gnu'
327 silly reify ]
328 verbose reify failed optional dependency D:\maizi\my_vue\node_modules\@rollup\rollup-linux-ppc64-musl
329 silly reify mark deleted [ 'D:\\maizi\\my_vue\\node_modules\\@rollup\\rollup-linux-ppc64-musl' ]
330 verbose reify failed optional dependency D:\maizi\my_vue\node_modules\@rollup\rollup-linux-ppc64-gnu
331 silly reify mark deleted [ 'D:\\maizi\\my_vue\\node_modules\\@rollup\\rollup-linux-ppc64-gnu' ]
332 verbose reify failed optional dependency D:\maizi\my_vue\node_modules\@rollup\rollup-linux-loong64-musl
333 silly reify mark deleted [
333 silly reify   'D:\\maizi\\my_vue\\node_modules\\@rollup\\rollup-linux-loong64-musl'
333 silly reify ]
334 verbose reify failed optional dependency D:\maizi\my_vue\node_modules\@rollup\rollup-linux-loong64-gnu
335 silly reify mark deleted [
335 silly reify   'D:\\maizi\\my_vue\\node_modules\\@rollup\\rollup-linux-loong64-gnu'
335 silly reify ]
336 verbose reify failed optional dependency D:\maizi\my_vue\node_modules\@rollup\rollup-linux-arm64-musl
337 silly reify mark deleted [ 'D:\\maizi\\my_vue\\node_modules\\@rollup\\rollup-linux-arm64-musl' ]
338 verbose reify failed optional dependency D:\maizi\my_vue\node_modules\@rollup\rollup-linux-arm64-gnu
339 silly reify mark deleted [ 'D:\\maizi\\my_vue\\node_modules\\@rollup\\rollup-linux-arm64-gnu' ]
340 verbose reify failed optional dependency D:\maizi\my_vue\node_modules\@rollup\rollup-linux-arm-musleabihf
341 silly reify mark deleted [
341 silly reify   'D:\\maizi\\my_vue\\node_modules\\@rollup\\rollup-linux-arm-musleabihf'
341 silly reify ]
342 verbose reify failed optional dependency D:\maizi\my_vue\node_modules\@rollup\rollup-linux-arm-gnueabihf
343 silly reify mark deleted [
343 silly reify   'D:\\maizi\\my_vue\\node_modules\\@rollup\\rollup-linux-arm-gnueabihf'
343 silly reify ]
344 verbose reify failed optional dependency D:\maizi\my_vue\node_modules\@rollup\rollup-freebsd-x64
345 silly reify mark deleted [ 'D:\\maizi\\my_vue\\node_modules\\@rollup\\rollup-freebsd-x64' ]
346 verbose reify failed optional dependency D:\maizi\my_vue\node_modules\@rollup\rollup-freebsd-arm64
347 silly reify mark deleted [ 'D:\\maizi\\my_vue\\node_modules\\@rollup\\rollup-freebsd-arm64' ]
348 verbose reify failed optional dependency D:\maizi\my_vue\node_modules\@rollup\rollup-darwin-x64
349 silly reify mark deleted [ 'D:\\maizi\\my_vue\\node_modules\\@rollup\\rollup-darwin-x64' ]
350 verbose reify failed optional dependency D:\maizi\my_vue\node_modules\@rollup\rollup-darwin-arm64
351 silly reify mark deleted [ 'D:\\maizi\\my_vue\\node_modules\\@rollup\\rollup-darwin-arm64' ]
352 verbose reify failed optional dependency D:\maizi\my_vue\node_modules\@rollup\rollup-android-arm64
353 silly reify mark deleted [ 'D:\\maizi\\my_vue\\node_modules\\@rollup\\rollup-android-arm64' ]
354 verbose reify failed optional dependency D:\maizi\my_vue\node_modules\@rollup\rollup-android-arm-eabi
355 silly reify mark deleted [ 'D:\\maizi\\my_vue\\node_modules\\@rollup\\rollup-android-arm-eabi' ]
356 verbose reify failed optional dependency D:\maizi\my_vue\node_modules\@napi-rs\lzma-linux-x64-gnu
357 silly reify mark deleted [ 'D:\\maizi\\my_vue\\node_modules\\@napi-rs\\lzma-linux-x64-gnu' ]
358 verbose reify failed optional dependency D:\maizi\my_vue\node_modules\@esbuild\win32-ia32
359 silly reify mark deleted [ 'D:\\maizi\\my_vue\\node_modules\\@esbuild\\win32-ia32' ]
360 verbose reify failed optional dependency D:\maizi\my_vue\node_modules\@esbuild\win32-arm64
361 silly reify mark deleted [ 'D:\\maizi\\my_vue\\node_modules\\@esbuild\\win32-arm64' ]
362 verbose reify failed optional dependency D:\maizi\my_vue\node_modules\@esbuild\sunos-x64
363 silly reify mark deleted [ 'D:\\maizi\\my_vue\\node_modules\\@esbuild\\sunos-x64' ]
364 verbose reify failed optional dependency D:\maizi\my_vue\node_modules\@esbuild\openbsd-x64
365 silly reify mark deleted [ 'D:\\maizi\\my_vue\\node_modules\\@esbuild\\openbsd-x64' ]
366 verbose reify failed optional dependency D:\maizi\my_vue\node_modules\@esbuild\netbsd-x64
367 silly reify mark deleted [ 'D:\\maizi\\my_vue\\node_modules\\@esbuild\\netbsd-x64' ]
368 verbose reify failed optional dependency D:\maizi\my_vue\node_modules\@esbuild\linux-x64
369 silly reify mark deleted [ 'D:\\maizi\\my_vue\\node_modules\\@esbuild\\linux-x64' ]
370 verbose reify failed optional dependency D:\maizi\my_vue\node_modules\@esbuild\linux-s390x
371 silly reify mark deleted [ 'D:\\maizi\\my_vue\\node_modules\\@esbuild\\linux-s390x' ]
372 verbose reify failed optional dependency D:\maizi\my_vue\node_modules\@esbuild\linux-riscv64
373 silly reify mark deleted [ 'D:\\maizi\\my_vue\\node_modules\\@esbuild\\linux-riscv64' ]
374 verbose reify failed optional dependency D:\maizi\my_vue\node_modules\@esbuild\linux-ppc64
375 silly reify mark deleted [ 'D:\\maizi\\my_vue\\node_modules\\@esbuild\\linux-ppc64' ]
376 verbose reify failed optional dependency D:\maizi\my_vue\node_modules\@esbuild\linux-mips64el
377 silly reify mark deleted [ 'D:\\maizi\\my_vue\\node_modules\\@esbuild\\linux-mips64el' ]
378 verbose reify failed optional dependency D:\maizi\my_vue\node_modules\@esbuild\linux-loong64
379 silly reify mark deleted [ 'D:\\maizi\\my_vue\\node_modules\\@esbuild\\linux-loong64' ]
380 verbose reify failed optional dependency D:\maizi\my_vue\node_modules\@esbuild\linux-ia32
381 silly reify mark deleted [ 'D:\\maizi\\my_vue\\node_modules\\@esbuild\\linux-ia32' ]
382 verbose reify failed optional dependency D:\maizi\my_vue\node_modules\@esbuild\linux-arm64
383 silly reify mark deleted [ 'D:\\maizi\\my_vue\\node_modules\\@esbuild\\linux-arm64' ]
384 verbose reify failed optional dependency D:\maizi\my_vue\node_modules\@esbuild\linux-arm
385 silly reify mark deleted [ 'D:\\maizi\\my_vue\\node_modules\\@esbuild\\linux-arm' ]
386 verbose reify failed optional dependency D:\maizi\my_vue\node_modules\@esbuild\freebsd-x64
387 silly reify mark deleted [ 'D:\\maizi\\my_vue\\node_modules\\@esbuild\\freebsd-x64' ]
388 verbose reify failed optional dependency D:\maizi\my_vue\node_modules\@esbuild\freebsd-arm64
389 silly reify mark deleted [ 'D:\\maizi\\my_vue\\node_modules\\@esbuild\\freebsd-arm64' ]
390 verbose reify failed optional dependency D:\maizi\my_vue\node_modules\@esbuild\darwin-x64
391 silly reify mark deleted [ 'D:\\maizi\\my_vue\\node_modules\\@esbuild\\darwin-x64' ]
392 verbose reify failed optional dependency D:\maizi\my_vue\node_modules\@esbuild\darwin-arm64
393 silly reify mark deleted [ 'D:\\maizi\\my_vue\\node_modules\\@esbuild\\darwin-arm64' ]
394 verbose reify failed optional dependency D:\maizi\my_vue\node_modules\@esbuild\android-x64
395 silly reify mark deleted [ 'D:\\maizi\\my_vue\\node_modules\\@esbuild\\android-x64' ]
396 verbose reify failed optional dependency D:\maizi\my_vue\node_modules\@esbuild\android-arm64
397 silly reify mark deleted [ 'D:\\maizi\\my_vue\\node_modules\\@esbuild\\android-arm64' ]
398 verbose reify failed optional dependency D:\maizi\my_vue\node_modules\@esbuild\android-arm
399 silly reify mark deleted [ 'D:\\maizi\\my_vue\\node_modules\\@esbuild\\android-arm' ]
400 verbose reify failed optional dependency D:\maizi\my_vue\node_modules\@esbuild\aix-ppc64
401 silly reify mark deleted [ 'D:\\maizi\\my_vue\\node_modules\\@esbuild\\aix-ppc64' ]
402 verbose reify failed optional dependency D:\maizi\my_vue\node_modules\fsevents
403 silly reify mark deleted [ 'D:\\maizi\\my_vue\\node_modules\\fsevents' ]
404 timing reifyNode:node_modules/@rollup/rollup-win32-ia32-msvc Completed in 9ms
405 timing reifyNode:node_modules/@rollup/rollup-win32-arm64-msvc Completed in 9ms
406 timing reifyNode:node_modules/@rollup/rollup-openharmony-arm64 Completed in 9ms
407 timing reifyNode:node_modules/@rollup/rollup-openbsd-x64 Completed in 9ms
408 timing reifyNode:node_modules/@rollup/rollup-linux-x64-musl Completed in 9ms
409 timing reifyNode:node_modules/@rollup/rollup-linux-x64-gnu Completed in 9ms
410 timing reifyNode:node_modules/@rollup/rollup-linux-s390x-gnu Completed in 9ms
411 timing reifyNode:node_modules/@rollup/rollup-linux-riscv64-musl Completed in 9ms
412 timing reifyNode:node_modules/@rollup/rollup-linux-riscv64-gnu Completed in 9ms
413 timing reifyNode:node_modules/@rollup/rollup-linux-ppc64-musl Completed in 9ms
414 timing reifyNode:node_modules/@rollup/rollup-linux-ppc64-gnu Completed in 9ms
415 timing reifyNode:node_modules/@rollup/rollup-linux-loong64-musl Completed in 9ms
416 timing reifyNode:node_modules/@rollup/rollup-linux-loong64-gnu Completed in 9ms
417 timing reifyNode:node_modules/@rollup/rollup-linux-arm64-musl Completed in 9ms
418 timing reifyNode:node_modules/@rollup/rollup-linux-arm64-gnu Completed in 9ms
419 timing reifyNode:node_modules/@rollup/rollup-linux-arm-musleabihf Completed in 9ms
420 timing reifyNode:node_modules/@rollup/rollup-linux-arm-gnueabihf Completed in 10ms
421 timing reifyNode:node_modules/@rollup/rollup-freebsd-x64 Completed in 10ms
422 timing reifyNode:node_modules/@rollup/rollup-freebsd-arm64 Completed in 10ms
423 timing reifyNode:node_modules/@rollup/rollup-darwin-x64 Completed in 10ms
424 timing reifyNode:node_modules/@rollup/rollup-darwin-arm64 Completed in 10ms
425 timing reifyNode:node_modules/@rollup/rollup-android-arm64 Completed in 10ms
426 timing reifyNode:node_modules/@rollup/rollup-android-arm-eabi Completed in 10ms
427 timing reifyNode:node_modules/@napi-rs/lzma-linux-x64-gnu Completed in 9ms
428 timing reifyNode:node_modules/@esbuild/win32-ia32 Completed in 9ms
429 timing reifyNode:node_modules/@esbuild/win32-arm64 Completed in 9ms
430 timing reifyNode:node_modules/@esbuild/sunos-x64 Completed in 9ms
431 timing reifyNode:node_modules/@esbuild/openbsd-x64 Completed in 9ms
432 timing reifyNode:node_modules/@esbuild/netbsd-x64 Completed in 9ms
433 timing reifyNode:node_modules/@esbuild/linux-x64 Completed in 9ms
434 timing reifyNode:node_modules/@esbuild/linux-s390x Completed in 9ms
435 timing reifyNode:node_modules/@esbuild/linux-riscv64 Completed in 9ms
436 timing reifyNode:node_modules/@esbuild/linux-ppc64 Completed in 9ms
437 timing reifyNode:node_modules/@esbuild/linux-mips64el Completed in 9ms
438 timing reifyNode:node_modules/@esbuild/linux-loong64 Completed in 9ms
439 timing reifyNode:node_modules/@esbuild/linux-ia32 Completed in 9ms
440 timing reifyNode:node_modules/@esbuild/linux-arm64 Completed in 9ms
441 timing reifyNode:node_modules/@esbuild/linux-arm Completed in 9ms
442 timing reifyNode:node_modules/@esbuild/freebsd-x64 Completed in 9ms
443 timing reifyNode:node_modules/@esbuild/freebsd-arm64 Completed in 9ms
444 timing reifyNode:node_modules/@esbuild/darwin-x64 Completed in 9ms
445 timing reifyNode:node_modules/@esbuild/darwin-arm64 Completed in 9ms
446 timing reifyNode:node_modules/@esbuild/android-x64 Completed in 9ms
447 timing reifyNode:node_modules/@esbuild/android-arm64 Completed in 9ms
448 timing reifyNode:node_modules/@esbuild/android-arm Completed in 9ms
449 timing reifyNode:node_modules/@esbuild/aix-ppc64 Completed in 9ms
450 timing reifyNode:node_modules/fsevents Completed in 9ms
451 silly tarball no local data for @types/estree@https://registry.npmmirror.com/@types/estree/-/estree-1.0.9.tgz. Extracting by manifest.
452 silly tarball no local data for @rollup/rollup-win32-x64-gnu@https://registry.npmmirror.com/@rollup/rollup-win32-x64-gnu/-/rollup-win32-x64-gnu-4.63.1.tgz. Extracting by manifest.
453 silly tarball no local data for @rollup/rollup-win32-x64-msvc@https://registry.npmmirror.com/@rollup/rollup-win32-x64-msvc/-/rollup-win32-x64-msvc-4.63.1.tgz. Extracting by manifest.
454 silly tarball no local data for @esbuild/win32-x64@https://registry.npmmirror.com/@esbuild/win32-x64/-/win32-x64-0.21.5.tgz. Extracting by manifest.
455 silly tarball no local data for esbuild@https://registry.npmmirror.com/esbuild/-/esbuild-0.21.5.tgz. Extracting by manifest.
456 silly tarball no local data for @vitejs/plugin-vue@https://registry.npmmirror.com/@vitejs/plugin-vue/-/plugin-vue-5.2.4.tgz. Extracting by manifest.
457 silly tarball no local data for rollup@https://registry.npmmirror.com/rollup/-/rollup-4.63.1.tgz. Extracting by manifest.
458 silly tarball no local data for vite@https://registry.npmmirror.com/vite/-/vite-5.4.21.tgz. Extracting by manifest.
459 silly tarball no local data for source-map-js@https://registry.npmmirror.com/source-map-js/-/source-map-js-1.2.1.tgz. Extracting by manifest.
460 silly tarball no local data for postcss@https://registry.npmmirror.com/postcss/-/postcss-8.5.26.tgz. Extracting by manifest.
461 silly tarball no local data for picocolors@https://registry.npmmirror.com/picocolors/-/picocolors-1.1.1.tgz. Extracting by manifest.
462 silly tarball no local data for nanoid@https://registry.npmmirror.com/nanoid/-/nanoid-3.3.18.tgz. Extracting by manifest.
463 http fetch POST 404 https://registry.npmmirror.com/-/npm/v1/security/advisories/bulk 44ms
464 silly audit bulk request failed [object Object]
465 http fetch POST 404 https://registry.npmmirror.com/-/npm/v1/security/audits/quick 28ms
466 verbose audit error HttpErrorGeneral: 404 Not Found - POST https://registry.npmmirror.com/-/npm/v1/security/audits/quick - [NOT_IMPLEMENTED] /-/npm/v1/security/* not implemented yet
466 verbose audit error     at D:\install\nodejs\node_modules\npm\node_modules\npm-registry-fetch\lib\check-response.js:95:15
466 verbose audit error     at process.processTicksAndRejections (node:internal/process/task_queues:95:5)
466 verbose audit error     at async [getReport] (D:\install\nodejs\node_modules\npm\node_modules\@npmcli\arborist\lib\audit-report.js:335:21)
466 verbose audit error     at async AuditReport.run (D:\install\nodejs\node_modules\npm\node_modules\@npmcli\arborist\lib\audit-report.js:106:19) {
466 verbose audit error   headers: [Object: null prototype] {
466 verbose audit error     server: [ 'Tengine' ],
466 verbose audit error     date: [ 'Fri, 28 Aug 2026 17:21:53 GMT' ],
466 verbose audit error     'content-type': [ 'application/json' ],
466 verbose audit error     'transfer-encoding': [ 'chunked' ],
466 verbose audit error     connection: [ 'keep-alive' ],
466 verbose audit error     'strict-transport-security': [ 'max-age=5184000' ],
466 verbose audit error     via: [ 'kunlun10.cn9039[,404666]' ],
466 verbose audit error     'timing-allow-origin': [ '*' ],
466 verbose audit error     eagleid: [ '78e9180f17879377136032953e' ],
466 verbose audit error     'x-fetch-attempts': [ '1' ]
466 verbose audit error   },
466 verbose audit error   statusCode: 404,
466 verbose audit error   code: 'E404',
466 verbose audit error   method: 'POST',
466 verbose audit error   uri: 'https://registry.npmmirror.com/-/npm/v1/security/audits/quick',
466 verbose audit error   body: {
466 verbose audit error     error: '[NOT_IMPLEMENTED] /-/npm/v1/security/* not implemented yet'
466 verbose audit error   },
466 verbose audit error   pkgid: undefined
466 verbose audit error }
467 silly audit error [object Object]
468 timing auditReport:getReport Completed in 91ms
469 silly audit report null
470 timing reify:audit Completed in 91ms
471 http fetch GET 200 https://cdn.npmmirror.com/packages/nanoid/3.3.18/nanoid-3.3.18.tgz 283ms (cache miss)
472 http fetch GET 200 https://cdn.npmmirror.com/packages/picocolors/1.1.1/picocolors-1.1.1.tgz 285ms (cache miss)
473 http fetch GET 200 https://cdn.npmmirror.com/packages/%40types/estree/1.0.9/estree-1.0.9.tgz 292ms (cache miss)
474 timing reifyNode:node_modules/@types/estree Completed in 310ms
475 timing reifyNode:node_modules/picocolors Completed in 315ms
476 http fetch GET 200 https://cdn.npmmirror.com/packages/esbuild/0.21.5/esbuild-0.21.5.tgz 320ms (cache miss)
477 timing reifyNode:node_modules/esbuild Completed in 340ms
478 http fetch GET 200 https://cdn.npmmirror.com/packages/%40vitejs/plugin-vue/5.2.4/plugin-vue-5.2.4.tgz 322ms (cache miss)
479 timing reifyNode:node_modules/@vitejs/plugin-vue Completed in 341ms
480 http fetch GET 200 https://cdn.npmmirror.com/packages/source-map-js/1.2.1/source-map-js-1.2.1.tgz 334ms (cache miss)
481 timing reifyNode:node_modules/source-map-js Completed in 356ms
482 timing reifyNode:node_modules/nanoid Completed in 364ms
483 http fetch GET 200 https://cdn.npmmirror.com/packages/postcss/8.5.26/postcss-8.5.26.tgz 373ms (cache miss)
484 timing reifyNode:node_modules/postcss Completed in 394ms
485 http fetch GET 200 https://cdn.npmmirror.com/packages/%40rollup/rollup-win32-x64-gnu/4.63.1/rollup-win32-x64-gnu-4.63.1.tgz 621ms (cache miss)
486 timing reifyNode:node_modules/@rollup/rollup-win32-x64-gnu Completed in 639ms
487 http fetch GET 200 https://cdn.npmmirror.com/packages/%40rollup/rollup-win32-x64-msvc/4.63.1/rollup-win32-x64-msvc-4.63.1.tgz 636ms (cache miss)
488 timing reifyNode:node_modules/@rollup/rollup-win32-x64-msvc Completed in 654ms
489 http fetch GET 200 https://cdn.npmmirror.com/packages/rollup/4.63.1/rollup-4.63.1.tgz 723ms (cache miss)
490 timing reifyNode:node_modules/rollup Completed in 742ms
491 http fetch GET 200 https://cdn.npmmirror.com/packages/vite/5.4.21/vite-5.4.21.tgz 762ms (cache miss)
492 timing reifyNode:node_modules/vite Completed in 783ms
493 http fetch GET 200 https://cdn.npmmirror.com/packages/%40esbuild/win32-x64/0.21.5/win32-x64-0.21.5.tgz 1480ms (cache miss)
494 timing reifyNode:node_modules/@esbuild/win32-x64 Completed in 1498ms
495 timing reify:unpack Completed in 1500ms
496 timing reify:unretire Completed in 1ms
497 timing build:queue Completed in 11ms
498 timing build:link:node_modules/vite Completed in 7ms
499 timing build:link:node_modules/esbuild Completed in 8ms
500 timing build:link:node_modules/nanoid Completed in 19ms
501 timing build:link:node_modules/rollup Completed in 30ms
502 timing build:link Completed in 30ms
503 info run esbuild@0.21.5 postinstall node_modules/esbuild node install.js
504 info run esbuild@0.21.5 postinstall { code: 0, signal: null }
505 timing build:run:postinstall:node_modules/esbuild Completed in 1129ms
506 timing build:run:postinstall Completed in 1129ms
507 timing build:deps Completed in 1171ms
508 timing build Completed in 1171ms
509 timing reify:build Completed in 1171ms
510 timing reify:trash Completed in 15ms
511 timing reify:save Completed in 16ms
512 timing reify Completed in 5805ms
513 silly ADD node_modules/@types/estree
514 silly ADD node_modules/@rollup/rollup-win32-x64-msvc
515 silly ADD node_modules/@rollup/rollup-win32-x64-gnu
516 silly ADD
517 silly ADD
518 silly ADD
519 silly ADD
520 silly ADD
521 silly ADD
522 silly ADD
523 silly ADD
524 silly ADD
525 silly ADD
526 silly ADD
527 silly ADD
528 silly ADD
529 silly ADD
530 silly ADD
531 silly ADD
532 silly ADD
533 silly ADD
534 silly ADD
535 silly ADD
536 silly ADD
537 silly ADD
538 silly ADD
539 silly ADD
540 silly ADD node_modules/@esbuild/win32-x64
541 silly ADD
542 silly ADD
543 silly ADD
544 silly ADD
545 silly ADD
546 silly ADD
547 silly ADD
548 silly ADD
549 silly ADD
550 silly ADD
551 silly ADD
552 silly ADD
553 silly ADD
554 silly ADD
555 silly ADD
556 silly ADD
557 silly ADD
558 silly ADD
559 silly ADD
560 silly ADD
561 silly ADD
562 silly ADD
563 silly ADD node_modules/rollup
564 silly ADD
565 silly ADD node_modules/esbuild
566 silly ADD node_modules/vite
567 silly ADD node_modules/@vitejs/plugin-vue
568 silly CHANGE node_modules/source-map-js
569 silly CHANGE node_modules/postcss
570 silly CHANGE node_modules/picocolors
571 silly CHANGE node_modules/nanoid
572 timing command:install Completed in 5813ms
573 notice
573 notice New [31mmajor[39m version of npm available! [31m10.2.3[39m -> [32m12.0.2[39m
573 notice Changelog: [36mhttps://github.com/npm/cli/releases/tag/v12.0.2[39m
573 notice Run [32mnpm install -g npm@12.0.2[39m to update!
573 notice
574 verbose exit 0
575 timing npm Completed in 6194ms
576 info ok
